Archive member included to satisfy reference by file (symbol)

C:/ST/STM32CubeIDE_1.14.0/STM32CubeIDE/plugins/com.st.stm32cube.ide.mcu.externaltools.gnu-tools-for-stm32.11.3.rel1.win32_1.1.100.202309141235/tools/bin/../lib/gcc/arm-none-eabi/11.3.1/../../../../arm-none-eabi/lib/thumb/v8-m.main+fp/hard\libc_nano.a(libc_a-exit.o)
                              C:/ST/STM32CubeIDE_1.14.0/STM32CubeIDE/plugins/com.st.stm32cube.ide.mcu.externaltools.gnu-tools-for-stm32.11.3.rel1.win32_1.1.100.202309141235/tools/bin/../lib/gcc/arm-none-eabi/11.3.1/../../../../arm-none-eabi/lib/thumb/v8-m.main+fp/hard/crt0.o (exit)
C:/ST/STM32CubeIDE_1.14.0/STM32CubeIDE/plugins/com.st.stm32cube.ide.mcu.externaltools.gnu-tools-for-stm32.11.3.rel1.win32_1.1.100.202309141235/tools/bin/../lib/gcc/arm-none-eabi/11.3.1/../../../../arm-none-eabi/lib/thumb/v8-m.main+fp/hard\libc_nano.a(libc_a-findfp.o)
                              C:/ST/STM32CubeIDE_1.14.0/STM32CubeIDE/plugins/com.st.stm32cube.ide.mcu.externaltools.gnu-tools-for-stm32.11.3.rel1.win32_1.1.100.202309141235/tools/bin/../lib/gcc/arm-none-eabi/11.3.1/../../../../arm-none-eabi/lib/thumb/v8-m.main+fp/hard\libc_nano.a(libc_a-exit.o) (__stdio_exit_handler)
C:/ST/STM32CubeIDE_1.14.0/STM32CubeIDE/plugins/com.st.stm32cube.ide.mcu.externaltools.gnu-tools-for-stm32.11.3.rel1.win32_1.1.100.202309141235/tools/bin/../lib/gcc/arm-none-eabi/11.3.1/../../../../arm-none-eabi/lib/thumb/v8-m.main+fp/hard\libc_nano.a(libc_a-fwalk.o)
                              C:/ST/STM32CubeIDE_1.14.0/STM32CubeIDE/plugins/com.st.stm32cube.ide.mcu.externaltools.gnu-tools-for-stm32.11.3.rel1.win32_1.1.100.202309141235/tools/bin/../lib/gcc/arm-none-eabi/11.3.1/../../../../arm-none-eabi/lib/thumb/v8-m.main+fp/hard\libc_nano.a(libc_a-findfp.o) (_fwalk_sglue)
C:/ST/STM32CubeIDE_1.14.0/STM32CubeIDE/plugins/com.st.stm32cube.ide.mcu.externaltools.gnu-tools-for-stm32.11.3.rel1.win32_1.1.100.202309141235/tools/bin/../lib/gcc/arm-none-eabi/11.3.1/../../../../arm-none-eabi/lib/thumb/v8-m.main+fp/hard\libc_nano.a(libc_a-stdio.o)
                              C:/ST/STM32CubeIDE_1.14.0/STM32CubeIDE/plugins/com.st.stm32cube.ide.mcu.externaltools.gnu-tools-for-stm32.11.3.rel1.win32_1.1.100.202309141235/tools/bin/../lib/gcc/arm-none-eabi/11.3.1/../../../../arm-none-eabi/lib/thumb/v8-m.main+fp/hard\libc_nano.a(libc_a-findfp.o) (__sread)
C:/ST/STM32CubeIDE_1.14.0/STM32CubeIDE/plugins/com.st.stm32cube.ide.mcu.externaltools.gnu-tools-for-stm32.11.3.rel1.win32_1.1.100.202309141235/tools/bin/../lib/gcc/arm-none-eabi/11.3.1/../../../../arm-none-eabi/lib/thumb/v8-m.main+fp/hard\libc_nano.a(libc_a-memset.o)
                              C:/ST/STM32CubeIDE_1.14.0/STM32CubeIDE/plugins/com.st.stm32cube.ide.mcu.externaltools.gnu-tools-for-stm32.11.3.rel1.win32_1.1.100.202309141235/tools/bin/../lib/gcc/arm-none-eabi/11.3.1/../../../../arm-none-eabi/lib/thumb/v8-m.main+fp/hard/crt0.o (memset)
C:/ST/STM32CubeIDE_1.14.0/STM32CubeIDE/plugins/com.st.stm32cube.ide.mcu.externaltools.gnu-tools-for-stm32.11.3.rel1.win32_1.1.100.202309141235/tools/bin/../lib/gcc/arm-none-eabi/11.3.1/../../../../arm-none-eabi/lib/thumb/v8-m.main+fp/hard\libc_nano.a(libc_a-closer.o)
                              C:/ST/STM32CubeIDE_1.14.0/STM32CubeIDE/plugins/com.st.stm32cube.ide.mcu.externaltools.gnu-tools-for-stm32.11.3.rel1.win32_1.1.100.202309141235/tools/bin/../lib/gcc/arm-none-eabi/11.3.1/../../../../arm-none-eabi/lib/thumb/v8-m.main+fp/hard\libc_nano.a(libc_a-stdio.o) (_close_r)
C:/ST/STM32CubeIDE_1.14.0/STM32CubeIDE/plugins/com.st.stm32cube.ide.mcu.externaltools.gnu-tools-for-stm32.11.3.rel1.win32_1.1.100.202309141235/tools/bin/../lib/gcc/arm-none-eabi/11.3.1/../../../../arm-none-eabi/lib/thumb/v8-m.main+fp/hard\libc_nano.a(libc_a-reent.o)
                              C:/ST/STM32CubeIDE_1.14.0/STM32CubeIDE/plugins/com.st.stm32cube.ide.mcu.externaltools.gnu-tools-for-stm32.11.3.rel1.win32_1.1.100.202309141235/tools/bin/../lib/gcc/arm-none-eabi/11.3.1/../../../../arm-none-eabi/lib/thumb/v8-m.main+fp/hard\libc_nano.a(libc_a-closer.o) (errno)
C:/ST/STM32CubeIDE_1.14.0/STM32CubeIDE/plugins/com.st.stm32cube.ide.mcu.externaltools.gnu-tools-for-stm32.11.3.rel1.win32_1.1.100.202309141235/tools/bin/../lib/gcc/arm-none-eabi/11.3.1/../../../../arm-none-eabi/lib/thumb/v8-m.main+fp/hard\libc_nano.a(libc_a-impure.o)
                              C:/ST/STM32CubeIDE_1.14.0/STM32CubeIDE/plugins/com.st.stm32cube.ide.mcu.externaltools.gnu-tools-for-stm32.11.3.rel1.win32_1.1.100.202309141235/tools/bin/../lib/gcc/arm-none-eabi/11.3.1/../../../../arm-none-eabi/lib/thumb/v8-m.main+fp/hard\libc_nano.a(libc_a-reent.o) (_impure_ptr)
C:/ST/STM32CubeIDE_1.14.0/STM32CubeIDE/plugins/com.st.stm32cube.ide.mcu.externaltools.gnu-tools-for-stm32.11.3.rel1.win32_1.1.100.202309141235/tools/bin/../lib/gcc/arm-none-eabi/11.3.1/../../../../arm-none-eabi/lib/thumb/v8-m.main+fp/hard\libc_nano.a(libc_a-lseekr.o)
[...]
Memory Configuration

Name             Origin             Length             Attributes
RAM              0x0000000020000000 0x0000000000030000 xrw
RAM2             0x0000000020030000 0x0000000000010000 xrw
FLASH            0x0000000008000000 0x0000000000080000 xr
*default*        0x0000000000000000 0xffffffffffffffff

Linker script and memory map

LOAD C:/ST/STM32CubeIDE_1.14.0/STM32CubeIDE/plugins/com.st.stm32cube.ide.mcu.externaltools.gnu-tools-for-stm32.11.3.rel1.win32_1.1.100.202309141235/tools/bin/../lib/gcc/arm-none-eabi/11.3.1/thumb/v8-m.main+fp/hard/crti.o
LOAD C:/ST/STM32CubeIDE_1.14.0/STM32CubeIDE/plugins/com.st.stm32cube.ide.mcu.externaltools.gnu-tools-for-stm32.11.3.rel1.win32_1.1.100.202309141235/tools/bin/../lib/gcc/arm-none-eabi/11.3.1/thumb/v8-m.main+fp/hard/crtbegin.o
LOAD C:/ST/STM32CubeIDE_1.14.0/STM32CubeIDE/plugins/com.st.stm32cube.ide.mcu.externaltools.gnu-tools-for-stm32.11.3.rel1.win32_1.1.100.202309141235/tools/bin/../lib/gcc/arm-none-eabi/11.3.1/../../../../arm-none-eabi/lib/thumb/v8-m.main+fp/hard/crt0.o
LOAD ./Core/Src/main.o
LOAD ./Core/Src/stm32l5xx_hal_msp.o
LOAD ./Core/Src/stm32l5xx_it.o
LOAD ./Core/Src/syscalls.o
LOAD ./Core/Src/sysmem.o
LOAD ./Core/Src/system_stm32l5xx.o
LOAD ./Core/Startup/startup_stm32l552zetxq.o
LOAD ./Drivers/STM32L5xx_HAL_Driver/Src/stm32l5xx_hal.o
LOAD ./Drivers/STM32L5xx_HAL_Driver/Src/stm32l5xx_hal_adc.o
LOAD ./Drivers/STM32L5xx_HAL_Driver/Src/stm32l5xx_hal_adc_ex.o
LOAD ./Drivers/STM32L5xx_HAL_Driver/Src/stm32l5xx_hal_cortex.o
LOAD ./Drivers/STM32L5xx_HAL_Driver/Src/stm32l5xx_hal_dma.o
LOAD ./Drivers/STM32L5xx_HAL_Driver/Src/stm32l5xx_hal_dma_ex.o
LOAD ./Drivers/STM32L5xx_HAL_Driver/Src/stm32l5xx_hal_exti.o
LOAD ./Drivers/STM32L5xx_HAL_Driver/Src/stm32l5xx_hal_flash.o
LOAD ./Drivers/STM32L5xx_HAL_Driver/Src/stm32l5xx_hal_flash_ex.o
LOAD ./Drivers/STM32L5xx_HAL_Driver/Src/stm32l5xx_hal_flash_ramfunc.o
LOAD ./Drivers/STM32L5xx_HAL_Driver/Src/stm32l5xx_hal_gpio.o
LOAD ./Drivers/STM32L5xx_HAL_Driver/Src/stm32l5xx_hal_i2c.o
LOAD ./Drivers/STM32L5xx_HAL_Driver/Src/stm32l5xx_hal_i2c_ex.o
LOAD ./Drivers/STM32L5xx_HAL_Driver/Src/stm32l5xx_hal_icache.o
LOAD ./Drivers/STM32L5xx_HAL_Driver/Src/stm32l5xx_hal_pcd.o
LOAD ./Drivers/STM32L5xx_HAL_Driver/Src/stm32l5xx_hal_pcd_ex.o
LOAD ./Drivers/STM32L5xx_HAL_Driver/Src/stm32l5xx_hal_pwr.o
LOAD ./Drivers/STM32L5xx_HAL_Driver/Src/stm32l5xx_hal_pwr_ex.o
LOAD ./Drivers/STM32L5xx_HAL_Driver/Src/stm32l5xx_hal_rcc.o
LOAD ./Drivers/STM32L5xx_HAL_Driver/Src/stm32l5xx_hal_rcc_ex.o
LOAD ./Drivers/STM32L5xx_HAL_Driver/Src/stm32l5xx_hal_rtc.o
LOAD ./Drivers/STM32L5xx_HAL_Driver/Src/stm32l5xx_hal_rtc_ex.o
LOAD ./Drivers/STM32L5xx_HAL_Driver/Src/stm32l5xx_hal_tim.o
LOAD ./Drivers/STM32L5xx_HAL_Driver/Src/stm32l5xx_hal_tim_ex.o
LOAD ./Drivers/STM32L5xx_HAL_Driver/Src/stm32l5xx_hal_uart.o
LOAD ./Drivers/STM32L5xx_HAL_Driver/Src/stm32l5xx_hal_uart_ex.o
LOAD ./Drivers/STM32L5xx_HAL_Driver/Src/stm32l5xx_ll_dma.o
LOAD ./Drivers/STM32L5xx_HAL_Driver/Src/stm32l5xx_ll_exti.o
LOAD ./Drivers/STM32L5xx_HAL_Driver/Src/stm32l5xx_ll_gpio.o
LOAD ./Drivers/STM32L5xx_HAL_Driver/Src/stm32l5xx_ll_ucpd.o
LOAD ./Drivers/STM32L5xx_HAL_Driver/Src/stm32l5xx_ll_usb.o
LOAD ./Drivers/STM32L5xx_HAL_Driver/Src/stm32l5xx_ll_utils.o
START GROUP
LOAD C:/ST/STM32CubeIDE_1.14.0/STM32CubeIDE/plugins/com.st.stm32cube.ide.mcu.externaltools.gnu-tools-for-stm32.11.3.rel1.win32_1.1.100.202309141235/tools/bin/../lib/gcc/arm-none-eabi/11.3.1/../../../../arm-none-eabi/lib/thumb/v8-m.main+fp/hard\libc_nano.a
LOAD C:/ST/STM32CubeIDE_1.14.0/STM32CubeIDE/plugins/com.st.stm32cube.ide.mcu.externaltools.gnu-tools-for-stm32.11.3.rel1.win32_1.1.100.202309141235/tools/bin/../lib/gcc/arm-none-eabi/11.3.1/../../../../arm-none-eabi/lib/thumb/v8-m.main+fp/hard\libm.a
END GROUP
START GROUP
LOAD C:/ST/STM32CubeIDE_1.14.0/STM32CubeIDE/plugins/com.st.stm32cube.ide.mcu.externaltools.gnu-tools-for-stm32.11.3.rel1.win32_1.1.100.202309141235/tools/bin/../lib/gcc/arm-none-eabi/11.3.1/thumb/v8-m.main+fp/hard\libgcc.a
LOAD C:/ST/STM32CubeIDE_1.14.0/STM32CubeIDE/plugins/com.st.stm32cube.ide.mcu.externaltools.gnu-tools-for-stm32.11.3.rel1.win32_1.1.100.202309141235/tools/bin/../lib/gcc/arm-none-eabi/11.3.1/../../../../arm-none-eabi/lib/thumb/v8-m.main+fp/hard\libc_nano.a
END GROUP
START GROUP
LOAD C:/ST/STM32CubeIDE_1.14.0/STM32CubeIDE/plugins/com.st.stm32cube.ide.mcu.externaltools.gnu-tools-for-stm32.11.3.rel1.win32_1.1.100.202309141235/tools/bin/../lib/gcc/arm-none-eabi/11.3.1/thumb/v8-m.main+fp/hard\libgcc.a
LOAD C:/ST/STM32CubeIDE_1.14.0/STM32CubeIDE/plugins/com.st.stm32cube.ide.mcu.externaltools.gnu-tools-for-stm32.11.3.rel1.win32_1.1.100.202309141235/tools/bin/../lib/gcc/arm-none-eabi/11.3.1/../../../../arm-none-eabi/lib/thumb/v8-m.main+fp/hard\libc_nano.a
LOAD C:/ST/STM32CubeIDE_1.14.0/STM32CubeIDE/plugins/com.st.stm32cube.ide.mcu.externaltools.gnu-tools-for-stm32.11.3.rel1.win32_1.1.100.202309141235/tools/bin/../lib/gcc/arm-none-eabi/11.3.1/../../../../arm-none-eabi/lib/thumb/v8-m.main+fp/hard\libnosys.a
END GROUP
START GROUP
LOAD C:/ST/STM32CubeIDE_1.14.0/STM32CubeIDE/plugins/com.st.stm32cube.ide.mcu.externaltools.gnu-tools-for-stm32.11.3.rel1.win32_1.1.100.202309141235/tools/bin/../lib/gcc/arm-none-eabi/11.3.1/thumb/v8-m.main+fp/hard\libgcc.a
LOAD C:/ST/STM32CubeIDE_1.14.0/STM32CubeIDE/plugins/com.st.stm32cube.ide.mcu.externaltools.gnu-tools-for-stm32.11.3.rel1.win32_1.1.100.202309141235/tools/bin/../lib/gcc/arm-none-eabi/11.3.1/../../../../arm-none-eabi/lib/thumb/v8-m.main+fp/hard\libc_nano.a
LOAD C:/ST/STM32CubeIDE_1.14.0/STM32CubeIDE/plugins/com.st.stm32cube.ide.mcu.externaltools.gnu-tools-for-stm32.11.3.rel1.win32_1.1.100.202309141235/tools/bin/../lib/gcc/arm-none-eabi/11.3.1/../../../../arm-none-eabi/lib/thumb/v8-m.main+fp/hard\libnosys.a
END GROUP
LOAD C:/ST/STM32CubeIDE_1.14.0/STM32CubeIDE/plugins/com.st.stm32cube.ide.mcu.externaltools.gnu-tools-for-stm32.11.3.rel1.win32_1.1.100.202309141235/tools/bin/../lib/gcc/arm-none-eabi/11.3.1/thumb/v8-m.main+fp/hard/crtend.o
LOAD C:/ST/STM32CubeIDE_1.14.0/STM32CubeIDE/plugins/com.st.stm32cube.ide.mcu.externaltools.gnu-tools-for-stm32.11.3.rel1.win32_1.1.100.202309141235/tools/bin/../lib/gcc/arm-none-eabi/11.3.1/thumb/v8-m.main+fp/hard/crtn.o
                0x0000000020030000                _estack = (ORIGIN (RAM) + LENGTH (RAM))
                0x0000000000000200                _Min_Heap_Size = 0x200
                0x0000000000000400                _Min_Stack_Size = 0x400

.isr_vector     0x0000000008000000      0x1f4
                0x0000000008000000                . = ALIGN (0x4)
 *(.isr_vector)
 .isr_vector    0x0000000008000000      0x1f4 ./Core/Startup/startup_stm32l552zetxq.o
                0x0000000008000000                g_pfnVectors
                0x00000000080001f4                . = ALIGN (0x4)

.text           0x00000000080001f4      0x434
                0x00000000080001f4                . = ALIGN (0x4)
 *(.text)
 .text          0x00000000080001f4       0x40 C:/ST/STM32CubeIDE_1.14.0/STM32CubeIDE/plugins/com.st.stm32cube.ide.mcu.externaltools.gnu-tools-for-stm32.11.3.rel1.win32_1.1.100.202309141235/tools/bin/../lib/gcc/arm-none-eabi/11.3.1/thumb/v8-m.main+fp/hard/crtbegin.o
 *(.text*)
 .text.__NVIC_EnableIRQ
                0x0000000008000234       0x3c ./Core/Src/main.o
 .text.__NVIC_SetPriority
                0x0000000008000270       0x54 ./Core/Src/main.o
 .text.main     0x00000000080002c4       0x3c ./Core/Src/main.o
                0x00000000080002c4                main
 .text.LPUART1_IRQHandler
                0x0000000008000300       0x60 ./Core/Src/main.o
                0x0000000008000300                LPUART1_IRQHandler
 .text.setClks  0x0000000008000360       0x74 ./Core/Src/main.o
                0x0000000008000360                setClks
 .text.enGpiogPwr
                0x00000000080003d4       0x20 ./Core/Src/main.o
                0x00000000080003d4                enGpiogPwr
 .text.initGpiog
                0x00000000080003f4       0xa4 ./Core/Src/main.o
                0x00000000080003f4                initGpiog
 .text.RLEDinit
                0x0000000008000498       0x3c ./Core/Src/main.o
                0x0000000008000498                RLEDinit
 .text.NMI_Handler
                0x00000000080004d4        0x6 ./Core/Src/stm32l5xx_it.o
                0x00000000080004d4                NMI_Handler
 .text.HardFault_Handler
                0x00000000080004da        0x6 ./Core/Src/stm32l5xx_it.o
                0x00000000080004da                HardFault_Handler
 .text.MemManage_Handler
                0x00000000080004e0        0x6 ./Core/Src/stm32l5xx_it.o
                0x00000000080004e0                MemManage_Handler
 .text.BusFault_Handler
                0x00000000080004e6        0x6 ./Core/Src/stm32l5xx_it.o
                0x00000000080004e6                BusFault_Handler
 .text.UsageFault_Handler
                0x00000000080004ec        0x6 ./Core/Src/stm32l5xx_it.o
                0x00000000080004ec                UsageFault_Handler
 .text.SVC_Handler
                0x00000000080004f2        0xe ./Core/Src/stm32l5xx_it.o
                0x00000000080004f2                SVC_Handler
 .text.DebugMon_Handler
                0x0000000008000500        0xe ./Core/Src/stm32l5xx_it.o
                0x0000000008000500                DebugMon_Handler
 .text.PendSV_Handler
                0x000000000800050e        0xe ./Core/Src/stm32l5xx_it.o
                0x000000000800050e                PendSV_Handler
 .text.SysTick_Handler
                0x000000000800051c        0xc ./Core/Src/stm32l5xx_it.o
                0x000000000800051c                SysTick_Handler
 .text.SystemInit
                0x0000000008000528       0x24 ./Core/Src/system_stm32l5xx.o
                0x0000000008000528                SystemInit
 .text.Reset_Handler
                0x000000000800054c       0x50 ./Core/Startup/startup_stm32l552zetxq.o
                0x000000000800054c                Reset_Handler
 .text.Default_Handler
                0x000000000800059c        0x2 ./Core/Startup/startup_stm32l552zetxq.o
                0x000000000800059c                EXTI2_IRQHandler
                0x000000000800059c                TIM8_TRG_COM_IRQHandler
                0x000000000800059c                TIM8_CC_IRQHandler
                0x000000000800059c                EXTI5_IRQHandler
                0x000000000800059c                FLASH_S_IRQHandler
                0x000000000800059c                EXTI13_IRQHandler
                0x000000000800059c                TIM1_CC_IRQHandler
                0x000000000800059c                TSC_IRQHandler
                0x000000000800059c                TAMP_IRQHandler
                0x000000000800059c                TIM6_IRQHandler
                0x000000000800059c                EXTI12_IRQHandler
                0x000000000800059c                DMA2_Channel8_IRQHandler
                0x000000000800059c                EXTI3_IRQHandler
                0x000000000800059c                EXTI8_IRQHandler
                0x000000000800059c                LPTIM2_IRQHandler
                0x000000000800059c                DFSDM1_FLT1_IRQHandler
                0x000000000800059c                USB_FS_IRQHandler
                0x000000000800059c                I2C3_ER_IRQHandler
                0x000000000800059c                DFSDM1_FLT2_IRQHandler
                0x000000000800059c                DMAMUX1_IRQHandler
                0x000000000800059c                LPTIM3_IRQHandler
                0x000000000800059c                EXTI0_IRQHandler
                0x000000000800059c                I2C2_EV_IRQHandler
                0x000000000800059c                FPU_IRQHandler
                0x000000000800059c                FDCAN1_IT1_IRQHandler
                0x000000000800059c                ADC1_2_IRQHandler
                0x000000000800059c                SPI1_IRQHandler
                0x000000000800059c                OCTOSPI1_IRQHandler
                0x000000000800059c                TIM8_UP_IRQHandler
                0x000000000800059c                RCC_S_IRQHandler
                0x000000000800059c                DMA2_Channel2_IRQHandler
                0x000000000800059c                DMA1_Channel4_IRQHandler
                0x000000000800059c                SAI2_IRQHandler
                0x000000000800059c                DFSDM1_FLT3_IRQHandler
                0x000000000800059c                EXTI15_IRQHandler
                0x000000000800059c                TIM17_IRQHandler
                0x000000000800059c                USART3_IRQHandler
                0x000000000800059c                RTC_IRQHandler
                0x000000000800059c                EXTI9_IRQHandler
                0x000000000800059c                DMA1_Channel7_IRQHandler
                0x000000000800059c                UART5_IRQHandler
                0x000000000800059c                TIM4_IRQHandler
                0x000000000800059c                DMA2_Channel1_IRQHandler
                0x000000000800059c                I2C1_EV_IRQHandler
                0x000000000800059c                DMA1_Channel6_IRQHandler
                0x000000000800059c                TIM16_IRQHandler
                0x000000000800059c                UART4_IRQHandler
                0x000000000800059c                DMA2_Channel4_IRQHandler
                0x000000000800059c                SecureFault_Handler
                0x000000000800059c                TIM3_IRQHandler
                0x000000000800059c                RCC_IRQHandler
                0x000000000800059c                TIM1_TRG_COM_IRQHandler
                0x000000000800059c                DMA1_Channel1_IRQHandler
                0x000000000800059c                Default_Handler
                0x000000000800059c                DMA2_Channel7_IRQHandler
                0x000000000800059c                DMA1_Channel8_IRQHandler
                0x000000000800059c                TIM7_IRQHandler
                0x000000000800059c                SDMMC1_IRQHandler
                0x000000000800059c                TIM5_IRQHandler
                0x000000000800059c                UCPD1_IRQHandler
                0x000000000800059c                TIM15_IRQHandler
                0x000000000800059c                I2C3_EV_IRQHandler
                0x000000000800059c                PVD_PVM_IRQHandler
                0x000000000800059c                SPI2_IRQHandler
                0x000000000800059c                EXTI14_IRQHandler
                0x000000000800059c                EXTI11_IRQHandler
                0x000000000800059c                DMA2_Channel5_IRQHandler
                0x000000000800059c                CRS_IRQHandler
                0x000000000800059c                DMA1_Channel5_IRQHandler
                0x000000000800059c                EXTI4_IRQHandler
                0x000000000800059c                RTC_S_IRQHandler
                0x000000000800059c                RNG_IRQHandler
                0x000000000800059c                DMAMUX1_S_IRQHandler
                0x000000000800059c                DMA1_Channel3_IRQHandler
                0x000000000800059c                COMP_IRQHandler
                0x000000000800059c                TIM1_UP_IRQHandler
                0x000000000800059c                WWDG_IRQHandler
                0x000000000800059c                I2C4_EV_IRQHandler
                0x000000000800059c                DMA2_Channel6_IRQHandler
                0x000000000800059c                FDCAN1_IT0_IRQHandler
                0x000000000800059c                TIM2_IRQHandler
                0x000000000800059c                TAMP_S_IRQHandler
                0x000000000800059c                EXTI7_IRQHandler
                0x000000000800059c                TIM1_BRK_IRQHandler
                0x000000000800059c                DAC_IRQHandler
                0x000000000800059c                EXTI1_IRQHandler
                0x000000000800059c                GTZC_IRQHandler
                0x000000000800059c                USART2_IRQHandler
                0x000000000800059c                DFSDM1_FLT0_IRQHandler
                0x000000000800059c                I2C2_ER_IRQHandler
                0x000000000800059c                DMA1_Channel2_IRQHandler
                0x000000000800059c                TIM8_BRK_IRQHandler
                0x000000000800059c                FLASH_IRQHandler
                0x000000000800059c                USART1_IRQHandler
                0x000000000800059c                EXTI10_IRQHandler
                0x000000000800059c                SPI3_IRQHandler
                0x000000000800059c                I2C1_ER_IRQHandler
                0x000000000800059c                FMC_IRQHandler
                0x000000000800059c                EXTI6_IRQHandler
                0x000000000800059c                LPTIM1_IRQHandler
                0x000000000800059c                I2C4_ER_IRQHandler
                0x000000000800059c                ICACHE_IRQHandler
                0x000000000800059c                SAI1_IRQHandler
                0x000000000800059c                HASH_IRQHandler
                0x000000000800059c                DMA2_Channel3_IRQHandler
 *fill*         0x000000000800059e        0x2 
 .text.HAL_IncTick
                0x00000000080005a0       0x28 ./Drivers/STM32L5xx_HAL_Driver/Src/stm32l5xx_hal.o
                0x00000000080005a0                HAL_IncTick
 .text.__libc_init_array
                0x00000000080005c8       0x48 C:/ST/STM32CubeIDE_1.14.0/STM32CubeIDE/plugins/com.st.stm32cube.ide.mcu.externaltools.gnu-tools-for-stm32.11.3.rel1.win32_1.1.100.202309141235/tools/bin/../lib/gcc/arm-none-eabi/11.3.1/../../../../arm-none-eabi/lib/thumb/v8-m.main+fp/hard\libc_nano.a(libc_a-init.o)
                0x00000000080005c8                __libc_init_array
 *(.glue_7)
 .glue_7        0x0000000008000610        0x0 linker stubs
 *(.glue_7t)
 .glue_7t       0x0000000008000610        0x0 linker stubs
 *(.eh_frame)
 .eh_frame      0x0000000008000610        0x0 C:/ST/STM32CubeIDE_1.14.0/STM32CubeIDE/plugins/com.st.stm32cube.ide.mcu.externaltools.gnu-tools-for-stm32.11.3.rel1.win32_1.1.100.202309141235/tools/bin/../lib/gcc/arm-none-eabi/11.3.1/thumb/v8-m.main+fp/hard/crtbegin.o
 *(.init)
 .init          0x0000000008000610        0x4 C:/ST/STM32CubeIDE_1.14.0/STM32CubeIDE/plugins/com.st.stm32cube.ide.mcu.externaltools.gnu-tools-for-stm32.11.3.rel1.win32_1.1.100.202309141235/tools/bin/../lib/gcc/arm-none-eabi/11.3.1/thumb/v8-m.main+fp/hard/crti.o
                0x0000000008000610                _init
 .init          0x0000000008000614        0x8 C:/ST/STM32CubeIDE_1.14.0/STM32CubeIDE/plugins/com.st.stm32cube.ide.mcu.externaltools.gnu-tools-for-stm32.11.3.rel1.win32_1.1.100.202309141235/tools/bin/../lib/gcc/arm-none-eabi/11.3.1/thumb/v8-m.main+fp/hard/crtn.o
 *(.fini)
 .fini          0x000000000800061c        0x4 C:/ST/STM32CubeIDE_1.14.0/STM32CubeIDE/plugins/com.st.stm32cube.ide.mcu.externaltools.gnu-tools-for-stm32.11.3.rel1.win32_1.1.100.202309141235/tools/bin/../lib/gcc/arm-none-eabi/11.3.1/thumb/v8-m.main+fp/hard/crti.o
                0x000000000800061c                _fini
 .fini          0x0000000008000620        0x8 C:/ST/STM32CubeIDE_1.14.0/STM32CubeIDE/plugins/com.st.stm32cube.ide.mcu.externaltools.gnu-tools-for-stm32.11.3.rel1.win32_1.1.100.202309141235/tools/bin/../lib/gcc/arm-none-eabi/11.3.1/thumb/v8-m.main+fp/hard/crtn.o
                0x0000000008000628                . = ALIGN (0x4)
                0x0000000008000628                _etext = .

.vfp11_veneer   0x0000000008000628        0x0
 .vfp11_veneer  0x0000000008000628        0x0 linker stubs

.v4_bx          0x0000000008000628        0x0
 .v4_bx         0x0000000008000628        0x0 linker stubs

.iplt           0x0000000008000628        0x0
 .iplt          0x0000000008000628        0x0 C:/ST/STM32CubeIDE_1.14.0/STM32CubeIDE/plugins/com.st.stm32cube.ide.mcu.externaltools.gnu-tools-for-stm32.11.3.rel1.win32_1.1.100.202309141235/tools/bin/../lib/gcc/arm-none-eabi/11.3.1/thumb/v8-m.main+fp/hard/crtbegin.o

.rel.dyn        0x0000000008000628        0x0
 .rel.iplt      0x0000000008000628        0x0 C:/ST/STM32CubeIDE_1.14.0/STM32CubeIDE/plugins/com.st.stm32cube.ide.mcu.externaltools.gnu-tools-for-stm32.11.3.rel1.win32_1.1.100.202309141235/tools/bin/../lib/gcc/arm-none-eabi/11.3.1/thumb/v8-m.main+fp/hard/crtbegin.o

.rodata         0x0000000008000628        0x0
                0x0000000008000628                . = ALIGN (0x4)
 *(.rodata)
 *(.rodata*)
                0x0000000008000628                . = ALIGN (0x4)

.ARM.extab      0x0000000008000628        0x0
                0x0000000008000628                . = ALIGN (0x4)
 *(.ARM.extab* .gnu.linkonce.armextab.*)
                0x0000000008000628                . = ALIGN (0x4)

.ARM            0x0000000008000628        0x0
                0x0000000008000628                . = ALIGN (0x4)
                0x0000000008000628                __exidx_start = .
 *(.ARM.exidx*)
                0x0000000008000628                __exidx_end = .
                0x0000000008000628                . = ALIGN (0x4)

.preinit_array  0x0000000008000628        0x0
                0x0000000008000628                . = ALIGN (0x4)
                0x0000000008000628                PROVIDE (__preinit_array_start = .)
 *(.preinit_array*)
                0x0000000008000628                PROVIDE (__preinit_array_end = .)
                0x0000000008000628                . = ALIGN (0x4)

.init_array     0x0000000008000628        0x4
                0x0000000008000628                . = ALIGN (0x4)
                0x0000000008000628                PROVIDE (__init_array_start = .)
 *(SORT_BY_NAME(.init_array.*))
 *(.init_array*)
 .init_array    0x0000000008000628        0x4 C:/ST/STM32CubeIDE_1.14.0/STM32CubeIDE/plugins/com.st.stm32cube.ide.mcu.externaltools.gnu-tools-for-stm32.11.3.rel1.win32_1.1.100.202309141235/tools/bin/../lib/gcc/arm-none-eabi/11.3.1/thumb/v8-m.main+fp/hard/crtbegin.o
                0x000000000800062c                PROVIDE (__init_array_end = .)
                0x000000000800062c                . = ALIGN (0x4)

.fini_array     0x000000000800062c        0x4
                0x000000000800062c                . = ALIGN (0x4)
                [!provide]                        PROVIDE (__fini_array_start = .)
 *(SORT_BY_NAME(.fini_array.*))
 *(.fini_array*)
 .fini_array    0x000000000800062c        0x4 C:/ST/STM32CubeIDE_1.14.0/STM32CubeIDE/plugins/com.st.stm32cube.ide.mcu.externaltools.gnu-tools-for-stm32.11.3.rel1.win32_1.1.100.202309141235/tools/bin/../lib/gcc/arm-none-eabi/11.3.1/thumb/v8-m.main+fp/hard/crtbegin.o
                [!provide]                        PROVIDE (__fini_array_end = .)
                0x0000000008000630                . = ALIGN (0x4)
                0x0000000008000630                _sidata = LOADADDR (.data)

.data           0x0000000020000000        0x4 load address 0x0000000008000630
                0x0000000020000000                . = ALIGN (0x4)
                0x0000000020000000                _sdata = .
 *(.data)
 *(.data*)
 .data.uwTickFreq
                0x0000000020000000        0x1 ./Drivers/STM32L5xx_HAL_Driver/Src/stm32l5xx_hal.o
                0x0000000020000000                uwTickFreq
 *(.RamFunc)
 *(.RamFunc*)
                0x0000000020000004                . = ALIGN (0x4)
 *fill*         0x0000000020000001        0x3 
                0x0000000020000004                _edata = .

.igot.plt       0x0000000020000004        0x0 load address 0x0000000008000634
 .igot.plt      0x0000000020000004        0x0 C:/ST/STM32CubeIDE_1.14.0/STM32CubeIDE/plugins/com.st.stm32cube.ide.mcu.externaltools.gnu-tools-for-stm32.11.3.rel1.win32_1.1.100.202309141235/tools/bin/../lib/gcc/arm-none-eabi/11.3.1/thumb/v8-m.main+fp/hard/crtbegin.o
                0x0000000020000004                . = ALIGN (0x4)

.bss            0x0000000020000004       0x20 load address 0x0000000008000634
                0x0000000020000004                _sbss = .
                0x0000000020000004                __bss_start__ = _sbss
 *(.bss)
 .bss           0x0000000020000004       0x1c C:/ST/STM32CubeIDE_1.14.0/STM32CubeIDE/plugins/com.st.stm32cube.ide.mcu.externaltools.gnu-tools-for-stm32.11.3.rel1.win32_1.1.100.202309141235/tools/bin/../lib/gcc/arm-none-eabi/11.3.1/thumb/v8-m.main+fp/hard/crtbegin.o
 *(.bss*)
 .bss.uwTick    0x0000000020000020        0x4 ./Drivers/STM32L5xx_HAL_Driver/Src/stm32l5xx_hal.o
                0x0000000020000020                uwTick
 *(COMMON)
                0x0000000020000024                . = ALIGN (0x4)
                0x0000000020000024                _ebss = .
                0x0000000020000024                __bss_end__ = _ebss

._user_heap_stack
                0x0000000020000024      0x604 load address 0x0000000008000634
                0x0000000020000028                . = ALIGN (0x8)
 *fill*         0x0000000020000024        0x4 
                [!provide]                        PROVIDE (end = .)
                0x0000000020000028                PROVIDE (_end = .)
                0x0000000020000228                . = (. + _Min_Heap_Size)
 *fill*         0x0000000020000028      0x200 
                0x0000000020000628                . = (. + _Min_Stack_Size)
 *fill*         0x0000000020000228      0x400 
                0x0000000020000628                . = ALIGN (0x8)

/DISCARD/
 libc.a(*)
 libm.a(*)
 libgcc.a(*)

.ARM.attributes
                0x0000000000000000       0x36
 *(.ARM.attributes)
 .ARM.attributes
                0x0000000000000000       0x22 C:/ST/STM32CubeIDE_1.14.0/STM32CubeIDE/plugins/com.st.stm32cube.ide.mcu.externaltools.gnu-tools-for-stm32.11.3.rel1.win32_1.1.100.202309141235/tools/bin/../lib/gcc/arm-none-eabi/11.3.1/thumb/v8-m.main+fp/hard/crti.o
 .ARM.attributes
                0x0000000000000022       0x38 C:/ST/STM32CubeIDE_1.14.0/STM32CubeIDE/plugins/com.st.stm32cube.ide.mcu.externaltools.gnu-tools-for-stm32.11.3.rel1.win32_1.1.100.202309141235/tools/bin/../lib/gcc/arm-none-eabi/11.3.1/thumb/v8-m.main+fp/hard/crtbegin.o
 .ARM.attributes
                0x000000000000005a       0x3a ./Core/Src/main.o
 .ARM.attributes
                0x0000000000000094       0x3a ./Core/Src/stm32l5xx_it.o
 .ARM.attributes
                0x00000000000000ce       0x3a ./Core/Src/system_stm32l5xx.o
 .ARM.attributes
                0x0000000000000108       0x24 ./Core/Startup/startup_stm32l552zetxq.o
 .ARM.attributes
                0x000000000000012c       0x3a ./Drivers/STM32L5xx_HAL_Driver/Src/stm32l5xx_hal.o
 .ARM.attributes
                0x0000000000000166       0x38 C:/ST/STM32CubeIDE_1.14.0/STM32CubeIDE/plugins/com.st.stm32cube.ide.mcu.externaltools.gnu-tools-for-stm32.11.3.rel1.win32_1.1.100.202309141235/tools/bin/../lib/gcc/arm-none-eabi/11.3.1/../../../../arm-none-eabi/lib/thumb/v8-m.main+fp/hard\libc_nano.a(libc_a-init.o)
 .ARM.attributes
                0x000000000000019e       0x22 C:/ST/STM32CubeIDE_1.14.0/STM32CubeIDE/plugins/com.st.stm32cube.ide.mcu.externaltools.gnu-tools-for-stm32.11.3.rel1.win32_1.1.100.202309141235/tools/bin/../lib/gcc/arm-none-eabi/11.3.1/thumb/v8-m.main+fp/hard/crtn.o
OUTPUT(LAB_4_Interrupts.elf elf32-littlearm)
LOAD linker stubs
LOAD C:/ST/STM32CubeIDE_1.14.0/STM32CubeIDE/plugins/com.st.stm32cube.ide.mcu.externaltools.gnu-tools-for-stm32.11.3.rel1.win32_1.1.100.202309141235/tools/bin/../lib/gcc/arm-none-eabi/11.3.1/../../../../arm-none-eabi/lib/thumb/v8-m.main+fp/hard\libc.a
LOAD C:/ST/STM32CubeIDE_1.14.0/STM32CubeIDE/plugins/com.st.stm32cube.ide.mcu.externaltools.gnu-tools-for-stm32.11.3.rel1.win32_1.1.100.202309141235/tools/bin/../lib/gcc/arm-none-eabi/11.3.1/../../../../arm-none-eabi/lib/thumb/v8-m.main+fp/hard\libm.a
LOAD C:/ST/STM32CubeIDE_1.14.0/STM32CubeIDE/plugins/com.st.stm32cube.ide.mcu.externaltools.gnu-tools-for-stm32.11.3.rel1.win32_1.1.100.202309141235/tools/bin/../lib/gcc/arm-none-eabi/11.3.1/thumb/v8-m.main+fp/hard\libgcc.a

.comment        0x0000000000000000       0x43
 .comment       0x0000000000000000       0x43 C:/ST/STM32CubeIDE_1.14.0/STM32CubeIDE/plugins/com.st.stm32cube.ide.mcu.externaltools.gnu-tools-for-stm32.11.3.rel1.win32_1.1.100.202309141235/tools/bin/../lib/gcc/arm-none-eabi/11.3.1/thumb/v8-m.main+fp/hard/crtbegin.o
                                         0x44 (size before relaxing)
 .comment       0x0000000000000043       0x44 ./Core/Src/main.o
 .comment       0x0000000000000043       0x44 ./Core/Src/stm32l5xx_it.o
 .comment       0x0000000000000043       0x44 ./Core/Src/system_stm32l5xx.o
 .comment       0x0000000000000043       0x44 ./Drivers/STM32L5xx_HAL_Driver/Src/stm32l5xx_hal.o

.debug_info     0x0000000000000000     0x256b
 .debug_info    0x0000000000000000      0xf1c ./Core/Src/main.o
 .debug_info    0x0000000000000f1c      0x157 ./Core/Src/stm32l5xx_it.o
 .debug_info    0x0000000000001073      0x7e2 ./Core/Src/system_stm32l5xx.o
 .debug_info    0x0000000000001855       0x23 ./Core/Startup/startup_stm32l552zetxq.o
 .debug_info    0x0000000000001878      0xcf3 ./Drivers/STM32L5xx_HAL_Driver/Src/stm32l5xx_hal.o

.debug_abbrev   0x0000000000000000      0x677
 .debug_abbrev  0x0000000000000000      0x1c1 ./Core/Src/main.o
 .debug_abbrev  0x00000000000001c1       0xac ./Core/Src/stm32l5xx_it.o
 .debug_abbrev  0x000000000000026d      0x12b ./Core/Src/system_stm32l5xx.o
 .debug_abbrev  0x0000000000000398       0x12 ./Core/Startup/startup_stm32l552zetxq.o
 .debug_abbrev  0x00000000000003aa      0x2cd ./Drivers/STM32L5xx_HAL_Driver/Src/stm32l5xx_hal.o

.debug_aranges  0x0000000000000000      0x240
 .debug_aranges
                0x0000000000000000       0x60 ./Core/Src/main.o
 .debug_aranges
                0x0000000000000060       0x60 ./Core/Src/stm32l5xx_it.o
 .debug_aranges
                0x00000000000000c0       0x28 ./Core/Src/system_stm32l5xx.o
 .debug_aranges
                0x00000000000000e8       0x28 ./Core/Startup/startup_stm32l552zetxq.o
 .debug_aranges
                0x0000000000000110      0x130 ./Drivers/STM32L5xx_HAL_Driver/Src/stm32l5xx_hal.o

.debug_rnglists
                0x0000000000000000      0x199
 .debug_rnglists
                0x0000000000000000       0x44 ./Core/Src/main.o
 .debug_rnglists
                0x0000000000000044       0x43 ./Core/Src/stm32l5xx_it.o
 .debug_rnglists
                0x0000000000000087       0x1a ./Core/Src/system_stm32l5xx.o
 .debug_rnglists
                0x00000000000000a1       0x19 ./Core/Startup/startup_stm32l552zetxq.o
 .debug_rnglists
                0x00000000000000ba       0xdf ./Drivers/STM32L5xx_HAL_Driver/Src/stm32l5xx_hal.o

.debug_macro    0x0000000000000000    0x1d906
 .debug_macro   0x0000000000000000       0xe7 ./Core/Src/main.o
 .debug_macro   0x00000000000000e7      0xab4 ./Core/Src/main.o
 .debug_macro   0x0000000000000b9b       0x42 ./Core/Src/main.o
 .debug_macro   0x0000000000000bdd       0x22 ./Core/Src/main.o
 .debug_macro   0x0000000000000bff       0x8e ./Core/Src/main.o
 .debug_macro   0x0000000000000c8d       0x51 ./Core/Src/main.o
 .debug_macro   0x0000000000000cde      0x103 ./Core/Src/main.o
 .debug_macro   0x0000000000000de1       0x6a ./Core/Src/main.o
 .debug_macro   0x0000000000000e4b      0x1df ./Core/Src/main.o
 .debug_macro   0x000000000000102a       0x1c ./Core/Src/main.o
 .debug_macro   0x0000000000001046       0x29 ./Core/Src/main.o
 .debug_macro   0x000000000000106f       0xfb ./Core/Src/main.o
 .debug_macro   0x000000000000116a     0x1336 ./Core/Src/main.o
 .debug_macro   0x00000000000024a0       0x5e ./Core/Src/main.o
 .debug_macro   0x00000000000024fe    0x1aca2 ./Core/Src/main.o
 .debug_macro   0x000000000001d1a0      0x2be ./Core/Src/stm32l5xx_it.o
 .debug_macro   0x000000000001d45e      0x23c ./Core/Src/system_stm32l5xx.o
 .debug_macro   0x000000000001d69a      0x26c ./Drivers/STM32L5xx_HAL_Driver/Src/stm32l5xx_hal.o

.debug_line     0x0000000000000000     0x2617
 .debug_line    0x0000000000000000      0x66f ./Core/Src/main.o
 .debug_line    0x000000000000066f      0xa06 ./Core/Src/stm32l5xx_it.o
 .debug_line    0x0000000000001075      0x8db ./Core/Src/system_stm32l5xx.o
 .debug_line    0x0000000000001950       0x79 ./Core/Startup/startup_stm32l552zetxq.o
 .debug_line    0x00000000000019c9      0xc4e ./Drivers/STM32L5xx_HAL_Driver/Src/stm32l5xx_hal.o

.debug_str      0x0000000000000000   0x120891
 .debug_str     0x0000000000000000    0xaa9d3 ./Core/Src/main.o
                                      0xaabeb (size before relaxing)
 .debug_str     0x00000000000aa9d3    0x757b8 ./Core/Src/stm32l5xx_it.o
                                     0x121402 (size before relaxing)
 .debug_str     0x000000000012018b       0x9e ./Core/Src/system_stm32l5xx.o
                                     0x1100ec (size before relaxing)
 .debug_str     0x0000000000120229       0x35 ./Core/Startup/startup_stm32l552zetxq.o
                                         0x79 (size before relaxing)
 .debug_str     0x000000000012025e      0x633 ./Drivers/STM32L5xx_HAL_Driver/Src/stm32l5xx_hal.o
                                     0x110c63 (size before relaxing)

.debug_frame    0x0000000000000000      0x770
 .debug_frame   0x0000000000000000      0x144 ./Core/Src/main.o
 .debug_frame   0x0000000000000144      0x104 ./Core/Src/stm32l5xx_it.o
 .debug_frame   0x0000000000000248       0x58 ./Core/Src/system_stm32l5xx.o
 .debug_frame   0x00000000000002a0      0x4a4 ./Drivers/STM32L5xx_HAL_Driver/Src/stm32l5xx_hal.o
 .debug_frame   0x0000000000000744       0x2c C:/ST/STM32CubeIDE_1.14.0/STM32CubeIDE/plugins/com.st.stm32cube.ide.mcu.externaltools.gnu-tools-for-stm32.11.3.rel1.win32_1.1.100.202309141235/tools/bin/../lib/gcc/arm-none-eabi/11.3.1/../../../../arm-none-eabi/lib/thumb/v8-m.main+fp/hard\libc_nano.a(libc_a-init.o)

.debug_line_str
                0x0000000000000000       0x6d
 .debug_line_str
                0x0000000000000000       0x6d ./Core/Startup/startup_stm32l552zetxq.o
                                         0x86 (size before relaxing)
